// Jest Snapshot v1, https://goo.gl/fbAQLP

exports[`should match a snapshot 1`] = `
<DocumentFragment>
  <div
    class="MuiContainer-root MuiContainer-disableGutters MuiContainer-maxWidthMd"
  >
    <header
      class="MuiPaper-root MuiAppBar-root MuiAppBar-positionStatic MuiAppBar-colorPrimary MuiPaper-elevation4"
    >
      <div
        class="MuiToolbar-root MuiToolbar-regular MuiToolbar-gutters"
      >
        <h5
          class="MuiTypography-root makeStyles-title-3 MuiTypography-h5"
        >
          Race Search
        </h5>
      </div>
    </header>
    <div>
      <div>
        SearchInput
      </div>
      <input
        type="text"
        value=""
      />
      <div>
        real-time:  debounced: 
      </div>
    </div>
    <div>
      <div>
        GameSchedule
      </div>
    </div>
  </div>
</DocumentFragment>
`;
